[gudetama.io/index.html]
[backblue.gif]
[fade.gif]
[index.html]
[gudetama.io/css/normalize.css]
[gudetama.io/css/webflow.css]
[gudetama.io/css/gudetamacoin.webflow.css]
[ajax.googleapis.com/ajax/libs/webfont/1.6.26/webfont.js]
[gudetama.io/images/favicon.png]
[gudetama.io/images/webclip.png]
[gudetama.io/images/twitterbk.png]
[gudetama.io/images/hellokittytrans.gif]
[gudetama.io/images/tamastretching.gif]
[gudetama.io/images/photo_2023-06-07_10-54-43.jpg]
[gudetama.io/images/34E3773A-30CE-43A2-89F6-587D64804643.webp]
[gudetama.io/images/photo_2023-06-07_10-54-44.jpg]
[gudetama.io/images/photo_2023-06-07_10-54-56.jpg]
[gudetama.io/images/on-pc.png]
[gudetama.io/images/photo_2023-06-04_20-54-39.png]
[gudetama.io/images/tg2.png]
[gudetama.io/images/Logo_of_Twitter.svg.png]
[gudetama.io/images/detool.png]
[gudetama.io/images/netflix.png]
[gudetama.io/images/Gudetama_from_Sanrio.png]
[gudetama.io/images/ezgif.com-video-to-gif.gif]
[d3e54v103j8qbb.cloudfront.net/js/jquery-3.5.1.min.dc5e7f18c876e2.js]
[gudetama.io/index.html]
[gudetama.io/css/normalize.css]
[gudetama.io/css/webflow.css]
[gudetama.io/js/webflow.js]
[gudetama.io/images/bluebgnew.png]
[gudetama.io/images/bg.png]
[gudetama.io/images/orangebg.png]
[gudetama.io/images/chill.gif]
[gudetama.io/fonts/monday-feelings-font-1.zip]
[gudetama.io/fonts/MondayFeelings-7BD2l.ttf]
[gudetama.io/fonts/SunnyspellsRegular-MV9ze.otf]
[gudetama.io/fonts/MazzardH-Bold.otf]
[gudetama.io/fonts/MazzardH-ExtraBold.otf]
[gudetama.io/fonts/MazzardH-Black.otf]
[gudetama.io/css/gudetamacoin.webflow.css]
[gudetama.io/images/tamasleeping.gif]
[gudetama.io/js/webflow.js]
[gudetama.io/images/bg.png]
[gudetama.io/images/telegram.png]
[static.elfsight.com/platform/platform.js]
[gudetama.io/images/bg.png]
